C:\Users\tomek\Desktop\Furka-master\src\main\java\wizut\tpsi\ogloszenia\controllers\UsersController.java
C:\Users\tomek\Desktop\Furka-master\src\main\java\wizut\tpsi\ogloszenia\web\LoginForm.java
C:\Users\tomek\Desktop\Furka-master\src\main\java\wizut\tpsi\ogloszenia\jpa\User.java
C:\Users\tomek\Desktop\Furka-master\src\main\java\wizut\tpsi\ogloszenia\services\UsersService.java
C:\Users\tomek\Desktop\Furka-master\src\main\java\wizut\tpsi\ogloszenia\controllers\HomeController.java
C:\Users\tomek\Desktop\Furka-master\src\main\java\wizut\tpsi\ogloszenia\jpa\BodyStyle.java
C:\Users\tomek\Desktop\Furka-master\src\main\java\wizut\tpsi\ogloszenia\web\OfferFilter.java
C:\Users\tomek\Desktop\Furka-master\src\main\java\wizut\tpsi\ogloszenia\jpa\CarModel.java
C:\Users\tomek\Desktop\Furka-master\src\main\java\wizut\tpsi\ogloszenia\jpa\FuelType.java
C:\Users\tomek\Desktop\Furka-master\src\main\java\wizut\tpsi\ogloszenia\services\OffersService.java
C:\Users\tomek\Desktop\Furka-master\src\main\java\wizut\tpsi\ogloszenia\jpa\CarManufacturer.java
C:\Users\tomek\Desktop\Furka-master\src\main\java\wizut\tpsi\ogloszenia\jpa\Offer.java
C:\Users\tomek\Desktop\Furka-master\src\main\java\wizut\tpsi\ogloszenia\OgloszeniaApplication.java
